version: (200506)

available memory: 64M bytes
used memory: 507904 bytes [need 496K bytes if disable swap]

used block: 34 [memory(34) file(0)]
                 [ 8K(30) 64K(4) { total 496K bytes } ]
overhead: (9523) bytes for (34) blocks [Average: (280) bytes/block]

write  => 0(times) 0K(bytes) [0K bytes to file]
read   => 4(times) 180K(bytes) [35K bytes compressed data from file]
access => 4029893(times) 31551M(bytes)
          [hit ratio: 99.9999%]

time: write(0) read(0)  unit: second

swap file directory: (/afs/umich.edu/class/eecs627/w26/groups/group7/project/verilog/controller_integration/tb/verdiLog)
used swap file number: (3)



swap file manager:
arrSize: (256)
idxCnt: (4)
closeHead: (1)
closeTail: (3)
openCnt: (3)
fid(3): fd(1073741825) fileName(/afs/umich.edu/class/eecs627/w26/groups/group7/project/verilog/controller_integration/tb/controller_integration_sim.daidir/kdb.elab++/work.lib++/mmu.sv.tdc)
	size(23103) lastModTime(1773786579) curModTime(1773786579)
	mode(rb)	hot(0) cool(2) pos(0)
fid(2): fd(24) fileName(/afs/umich.edu/class/eecs627/w26/groups/group7/project/verilog/controller_integration/tb/verdiLog/_swap_0001#-1285720429#183903)
	size(0) lastModTime(0) curModTime(1773786818)
	mode(w+b)	hot(3) cool(1) pos(0)
fid(1): fd(1073741824) fileName(/afs/umich.edu/class/eecs627/w26/groups/group7/project/verilog/controller_integration/tb/controller_integration_sim.daidir/kdb.elab++/work.lib++/controller_integration_tb.sv.tdc)
	size(30542) lastModTime(1773786579) curModTime(1773786579)
	mode(rb)	hot(2) cool(0) pos(0)
fid(0): fd(0) fileName(NULL)
	mode(NULL)	hot(0) cool(0) pos(0)
==================================================
mySelf(0x2482f820) pre(0x23253850) next((nil))
version(200506)
date(Jul 16 2025 20:28:23)
